[0.368s] DEBUG:colcon:Command line arguments: ['/usr/bin/colcon', 'build', '--packages-select', 'switch_publisher']
[0.368s] DEBUG:colcon:Parsed command line arguments: Namespace(log_base=None, log_level=None, verb_name='build', build_base='build', install_base='install', merge_install=False, symlink_install=False, test_result_base=None, continue_on_error=False, executor='parallel', parallel_workers=8, event_handlers=None, ignore_user_meta=False, metas=['./colcon.meta'], base_paths=['.'], packages_ignore=None, packages_ignore_regex=None, paths=None, packages_up_to=None, packages_up_to_regex=None, packages_above=None, packages_above_and_dependencies=None, packages_above_depth=None, packages_select_by_dep=None, packages_skip_by_dep=None, packages_skip_up_to=None, packages_select_build_failed=False, packages_skip_build_finished=False, packages_select_test_failures=False, packages_skip_test_passed=False, packages_select=['switch_publisher'], packages_skip=None, packages_select_regex=None, packages_skip_regex=None, packages_start=None, packages_end=None, allow_overriding=[], cmake_args=None, cmake_target=None, cmake_target_skip_unavailable=False, cmake_clean_cache=False, cmake_clean_first=False, cmake_force_configure=False, ament_cmake_args=None, catkin_cmake_args=None, catkin_skip_building_tests=False, verb_parser=<colcon_defaults.argument_parser.defaults.DefaultArgumentsDecorator object at 0x747bc07a9930>, verb_extension=<colcon_core.verb.build.BuildVerb object at 0x747bc07a94e0>, main=<bound method BuildVerb.main of <colcon_core.verb.build.BuildVerb object at 0x747bc07a94e0>>)
[0.748s] Level 1:colcon.colcon_core.package_discovery:discover_packages(colcon_meta) check parameters
[0.748s] Level 1:colcon.colcon_core.package_discovery:discover_packages(recursive) check parameters
[0.749s] Level 1:colcon.colcon_core.package_discovery:discover_packages(ignore) check parameters
[0.749s] Level 1:colcon.colcon_core.package_discovery:discover_packages(path) check parameters
[0.749s] Level 1:colcon.colcon_core.package_discovery:discover_packages(colcon_meta) discover
[0.749s] Level 1:colcon.colcon_core.package_discovery:discover_packages(recursive) discover
[0.749s] INFO:colcon.colcon_core.package_discovery:Crawling recursively for packages in '/agent'
[0.749s] Level 1:colcon.colcon_core.package_identification:_identify(.) by extensions ['ignore', 'ignore_ament_install']
[0.750s] Level 1:colcon.colcon_core.package_identification:_identify(.) by extension 'ignore'
[0.750s] Level 1:colcon.colcon_core.package_identification:_identify(.) by extension 'ignore_ament_install'
[0.750s] Level 1:colcon.colcon_core.package_identification:_identify(.) by extensions ['colcon_pkg']
[0.750s] Level 1:colcon.colcon_core.package_identification:_identify(.) by extension 'colcon_pkg'
[0.751s] Level 1:colcon.colcon_core.package_identification:_identify(.) by extensions ['colcon_meta']
[0.751s] Level 1:colcon.colcon_core.package_identification:_identify(.) by extension 'colcon_meta'
[0.751s] Level 1:colcon.colcon_core.package_identification:_identify(.) by extensions ['ros']
[0.751s] Level 1:colcon.colcon_core.package_identification:_identify(.) by extension 'ros'
[0.791s] Level 1:colcon.colcon_core.package_identification:_identify(.) by extensions ['cmake', 'python']
[0.791s] Level 1:colcon.colcon_core.package_identification:_identify(.) by extension 'cmake'
[0.792s] Level 1:colcon.colcon_core.package_identification:_identify(.) by extension 'python'
[0.792s] Level 1:colcon.colcon_core.package_identification:_identify(.) by extensions ['python_setup_py']
[0.792s] Level 1:colcon.colcon_core.package_identification:_identify(.) by extension 'python_setup_py'
[0.792s] Level 1:colcon.colcon_core.package_identification:_identify(build) by extensions ['ignore', 'ignore_ament_install']
[0.793s] Level 1:colcon.colcon_core.package_identification:_identify(build) by extension 'ignore'
[0.793s] Level 1:colcon.colcon_core.package_identification:_identify(build) ignored
[0.793s] Level 1:colcon.colcon_core.package_identification:_identify(install) by extensions ['ignore', 'ignore_ament_install']
[0.794s] Level 1:colcon.colcon_core.package_identification:_identify(install) by extension 'ignore'
[0.794s] Level 1:colcon.colcon_core.package_identification:_identify(install) ignored
[0.794s] Level 1:colcon.colcon_core.package_identification:_identify(log) by extensions ['ignore', 'ignore_ament_install']
[0.794s] Level 1:colcon.colcon_core.package_identification:_identify(log) by extension 'ignore'
[0.795s] Level 1:colcon.colcon_core.package_identification:_identify(log) ignored
[0.795s] Level 1:colcon.colcon_core.package_identification:_identify(src) by extensions ['ignore', 'ignore_ament_install']
[0.795s] Level 1:colcon.colcon_core.package_identification:_identify(src) by extension 'ignore'
[0.795s] Level 1:colcon.colcon_core.package_identification:_identify(src) by extension 'ignore_ament_install'
[0.796s] Level 1:colcon.colcon_core.package_identification:_identify(src) by extensions ['colcon_pkg']
[0.796s] Level 1:colcon.colcon_core.package_identification:_identify(src) by extension 'colcon_pkg'
[0.796s] Level 1:colcon.colcon_core.package_identification:_identify(src) by extensions ['colcon_meta']
[0.796s] Level 1:colcon.colcon_core.package_identification:_identify(src) by extension 'colcon_meta'
[0.796s] Level 1:colcon.colcon_core.package_identification:_identify(src) by extensions ['ros']
[0.796s] Level 1:colcon.colcon_core.package_identification:_identify(src) by extension 'ros'
[0.805s] DEBUG:colcon.colcon_core.package_identification:Package 'src' with type 'ros.ament_python' and name 'switch_publisher'
[0.805s] Level 1:colcon.colcon_core.package_discovery:discover_packages(recursive) using defaults
[0.805s] Level 1:colcon.colcon_core.package_discovery:discover_packages(ignore) discover
[0.805s] Level 1:colcon.colcon_core.package_discovery:discover_packages(ignore) using defaults
[0.805s] Level 1:colcon.colcon_core.package_discovery:discover_packages(path) discover
[0.805s] Level 1:colcon.colcon_core.package_discovery:discover_packages(path) using defaults
[0.879s] Level 1:colcon.colcon_core.package_discovery:discover_packages(prefix_path) check parameters
[0.879s] Level 1:colcon.colcon_core.package_discovery:discover_packages(prefix_path) discover
[0.883s] WARNING:colcon.colcon_ros.prefix_path.ament:The path '/agent/install/switch_publisher' in the environment variable AMENT_PREFIX_PATH doesn't exist
[0.886s] DEBUG:colcon.colcon_installed_package_information.package_discovery:Found 0 installed packages in /agent/install
[0.889s] DEBUG:colcon.colcon_installed_package_information.package_discovery:Found 142 installed packages in /opt/ros/humble
[0.892s] Level 1:colcon.colcon_core.package_discovery:discover_packages(prefix_path) using defaults
[0.999s] Level 5:colcon.colcon_core.verb:set package 'switch_publisher' build argument 'cmake_args' from command line to 'None'
[0.999s] Level 5:colcon.colcon_core.verb:set package 'switch_publisher' build argument 'cmake_target' from command line to 'None'
[0.999s] Level 5:colcon.colcon_core.verb:set package 'switch_publisher' build argument 'cmake_target_skip_unavailable' from command line to 'False'
[0.999s] Level 5:colcon.colcon_core.verb:set package 'switch_publisher' build argument 'cmake_clean_cache' from command line to 'False'
[0.999s] Level 5:colcon.colcon_core.verb:set package 'switch_publisher' build argument 'cmake_clean_first' from command line to 'False'
[0.999s] Level 5:colcon.colcon_core.verb:set package 'switch_publisher' build argument 'cmake_force_configure' from command line to 'False'
[1.000s] Level 5:colcon.colcon_core.verb:set package 'switch_publisher' build argument 'ament_cmake_args' from command line to 'None'
[1.000s] Level 5:colcon.colcon_core.verb:set package 'switch_publisher' build argument 'catkin_cmake_args' from command line to 'None'
[1.000s] Level 5:colcon.colcon_core.verb:set package 'switch_publisher' build argument 'catkin_skip_building_tests' from command line to 'False'
[1.000s] DEBUG:colcon.colcon_core.verb:Building package 'switch_publisher' with the following arguments: {'ament_cmake_args': None, 'build_base': '/agent/build/switch_publisher', 'catkin_cmake_args': None, 'catkin_skip_building_tests': False, 'cmake_args': None, 'cmake_clean_cache': False, 'cmake_clean_first': False, 'cmake_force_configure': False, 'cmake_target': None, 'cmake_target_skip_unavailable': False, 'install_base': '/agent/install/switch_publisher', 'merge_install': False, 'path': '/agent/src', 'symlink_install': False, 'test_result_base': None}
[1.001s] INFO:colcon.colcon_core.executor:Executing jobs using 'parallel' executor
[1.004s] DEBUG:colcon.colcon_parallel_executor.executor.parallel:run_until_complete
[1.005s] INFO:colcon.colcon_ros.task.ament_python.build:Building ROS package in '/agent/src' with build type 'ament_python'
[1.005s] Level 1:colcon.colcon_core.shell:create_environment_hook('switch_publisher', 'ament_prefix_path')
[1.014s] INFO:colcon.colcon_core.plugin_system:Skipping extension 'colcon_core.shell.bat': Not used on non-Windows systems
[1.015s] INFO:colcon.colcon_core.shell:Creating environment hook '/agent/install/switch_publisher/share/switch_publisher/hook/ament_prefix_path.ps1'
[1.018s] INFO:colcon.colcon_core.shell:Creating environment descriptor '/agent/install/switch_publisher/share/switch_publisher/hook/ament_prefix_path.dsv'
[1.019s] INFO:colcon.colcon_core.shell:Creating environment hook '/agent/install/switch_publisher/share/switch_publisher/hook/ament_prefix_path.sh'
[1.022s] INFO:colcon.colcon_core.shell:Skip shell extension 'powershell' for command environment: Not usable outside of PowerShell
[1.023s] DEBUG:colcon.colcon_core.shell:Skip shell extension 'dsv' for command environment
[1.892s] INFO:colcon.colcon_core.task.python.build:Building Python package in '/agent/src'
[1.893s] INFO:colcon.colcon_core.shell:Skip shell extension 'powershell' for command environment: Not usable outside of PowerShell
[1.894s] DEBUG:colcon.colcon_core.shell:Skip shell extension 'dsv' for command environment
[3.046s] DEBUG:colcon.colcon_core.event_handler.log_command:Invoking command in '/agent/src': PYTHONPATH=/agent/build/switch_publisher/prefix_override:/usr/lib/python3/dist-packages/colcon_core/task/python/colcon_distutils_commands:/agent/install/switch_publisher/lib/python3.10/site-packages:${PYTHONPATH} /usr/bin/python3 -W ignore:setup.py install is deprecated -W ignore:easy_install command is deprecated setup.py egg_info --egg-base ../build/switch_publisher build --build-base /agent/build/switch_publisher/build install --record /agent/build/switch_publisher/install.log --single-version-externally-managed install_data
[4.043s] DEBUG:colcon.colcon_core.event_handler.log_command:Invoked command in '/agent/src' returned '0': PYTHONPATH=/agent/build/switch_publisher/prefix_override:/usr/lib/python3/dist-packages/colcon_core/task/python/colcon_distutils_commands:/agent/install/switch_publisher/lib/python3.10/site-packages:${PYTHONPATH} /usr/bin/python3 -W ignore:setup.py install is deprecated -W ignore:easy_install command is deprecated setup.py egg_info --egg-base ../build/switch_publisher build --build-base /agent/build/switch_publisher/build install --record /agent/build/switch_publisher/install.log --single-version-externally-managed install_data
[4.053s] Level 1:colcon.colcon_core.environment:checking '/agent/install/switch_publisher' for CMake module files
[4.054s] Level 1:colcon.colcon_core.environment:checking '/agent/install/switch_publisher' for CMake config files
[4.057s] Level 1:colcon.colcon_core.environment:checking '/agent/install/switch_publisher/lib'
[4.058s] Level 1:colcon.colcon_core.environment:checking '/agent/install/switch_publisher/bin'
[4.058s] Level 1:colcon.colcon_core.environment:checking '/agent/install/switch_publisher/lib/pkgconfig/switch_publisher.pc'
[4.059s] Level 1:colcon.colcon_core.environment:checking '/agent/install/switch_publisher/lib/python3.10/site-packages'
[4.059s] Level 1:colcon.colcon_core.shell:create_environment_hook('switch_publisher', 'pythonpath')
[4.060s] INFO:colcon.colcon_core.shell:Creating environment hook '/agent/install/switch_publisher/share/switch_publisher/hook/pythonpath.ps1'
[4.062s] INFO:colcon.colcon_core.shell:Creating environment descriptor '/agent/install/switch_publisher/share/switch_publisher/hook/pythonpath.dsv'
[4.063s] INFO:colcon.colcon_core.shell:Creating environment hook '/agent/install/switch_publisher/share/switch_publisher/hook/pythonpath.sh'
[4.066s] Level 1:colcon.colcon_core.environment:checking '/agent/install/switch_publisher/bin'
[4.066s] Level 1:colcon.colcon_core.environment:create_environment_scripts_only(switch_publisher)
[4.067s] INFO:colcon.colcon_core.shell:Creating package script '/agent/install/switch_publisher/share/switch_publisher/package.ps1'
[4.070s] INFO:colcon.colcon_core.shell:Creating package descriptor '/agent/install/switch_publisher/share/switch_publisher/package.dsv'
[4.072s] INFO:colcon.colcon_core.shell:Creating package script '/agent/install/switch_publisher/share/switch_publisher/package.sh'
[4.075s] INFO:colcon.colcon_core.shell:Creating package script '/agent/install/switch_publisher/share/switch_publisher/package.bash'
[4.078s] INFO:colcon.colcon_core.shell:Creating package script '/agent/install/switch_publisher/share/switch_publisher/package.zsh'
[4.081s] Level 1:colcon.colcon_core.environment:create_file_with_runtime_dependencies(/agent/install/switch_publisher/share/colcon-core/packages/switch_publisher)
[4.082s] DEBUG:colcon.colcon_parallel_executor.executor.parallel:closing loop
[4.083s] DEBUG:colcon.colcon_parallel_executor.executor.parallel:loop closed
[4.084s] DEBUG:colcon.colcon_parallel_executor.executor.parallel:run_until_complete finished with '0'
[4.084s] DEBUG:colcon.colcon_core.event_reactor:joining thread
[4.109s] INFO:colcon.colcon_core.plugin_system:Skipping extension 'colcon_notification.desktop_notification.notify_send': Could not find 'notify-send'
[4.109s] INFO:colcon.colcon_core.plugin_system:Skipping extension 'colcon_notification.desktop_notification.terminal_notifier': Not used on non-Darwin systems
[4.110s] INFO:colcon.colcon_core.plugin_system:Skipping extension 'colcon_notification.desktop_notification.win32': Not used on non-Windows systems
[4.110s] INFO:colcon.colcon_notification.desktop_notification:Sending desktop notification using 'notify2'
[4.117s] DEBUG:colcon.colcon_notification.desktop_notification.notify2:Failed to initialize notify2: org.freedesktop.DBus.Error.Spawn.ExecFailed: /usr/bin/dbus-launch terminated abnormally without any error message
[4.119s] DEBUG:colcon.colcon_core.event_reactor:joined thread
[4.121s] INFO:colcon.colcon_core.shell:Creating prefix script '/agent/install/local_setup.ps1'
[4.127s] INFO:colcon.colcon_core.shell:Creating prefix util module '/agent/install/_local_setup_util_ps1.py'
[4.134s] INFO:colcon.colcon_core.shell:Creating prefix chain script '/agent/install/setup.ps1'
[4.139s] INFO:colcon.colcon_core.shell:Creating prefix script '/agent/install/local_setup.sh'
[4.142s] INFO:colcon.colcon_core.shell:Creating prefix util module '/agent/install/_local_setup_util_sh.py'
[4.144s] INFO:colcon.colcon_core.shell:Creating prefix chain script '/agent/install/setup.sh'
[4.148s] INFO:colcon.colcon_core.shell:Creating prefix script '/agent/install/local_setup.bash'
[4.151s] INFO:colcon.colcon_core.shell:Creating prefix chain script '/agent/install/setup.bash'
[4.155s] INFO:colcon.colcon_core.shell:Creating prefix script '/agent/install/local_setup.zsh'
[4.157s] INFO:colcon.colcon_core.shell:Creating prefix chain script '/agent/install/setup.zsh'
