[2.039s] Invoking command in '/agent/src': PYTHONPATH=/agent/build/switch_publisher/prefix_override:/usr/lib/python3/dist-packages/colcon_core/task/python/colcon_distutils_commands:/agent/install/switch_publisher/lib/python3.10/site-packages:${PYTHONPATH} /usr/bin/python3 -W ignore:setup.py install is deprecated -W ignore:easy_install command is deprecated setup.py egg_info --egg-base ../build/switch_publisher build --build-base /agent/build/switch_publisher/build install --record /agent/build/switch_publisher/install.log --single-version-externally-managed install_data
[2.840s] running egg_info
[2.843s] creating ../build/switch_publisher/switch_publisher.egg-info
[2.844s] writing ../build/switch_publisher/switch_publisher.egg-info/PKG-INFO
[2.845s] writing dependency_links to ../build/switch_publisher/switch_publisher.egg-info/dependency_links.txt
[2.845s] writing entry points to ../build/switch_publisher/switch_publisher.egg-info/entry_points.txt
[2.846s] writing requirements to ../build/switch_publisher/switch_publisher.egg-info/requires.txt
[2.847s] writing top-level names to ../build/switch_publisher/switch_publisher.egg-info/top_level.txt
[2.847s] writing manifest file '../build/switch_publisher/switch_publisher.egg-info/SOURCES.txt'
[2.854s] reading manifest file '../build/switch_publisher/switch_publisher.egg-info/SOURCES.txt'
[2.857s] writing manifest file '../build/switch_publisher/switch_publisher.egg-info/SOURCES.txt'
[2.858s] running build
[2.859s] running build_py
[2.859s] creating /agent/build/switch_publisher/build
[2.860s] creating /agent/build/switch_publisher/build/lib
[2.860s] creating /agent/build/switch_publisher/build/lib/switch_publisher
[2.861s] copying switch_publisher/switch_publisher.py -> /agent/build/switch_publisher/build/lib/switch_publisher
[2.861s] copying switch_publisher/__init__.py -> /agent/build/switch_publisher/build/lib/switch_publisher
[2.861s] running install
[2.862s] running install_lib
[2.865s] creating /agent/install/switch_publisher/lib/python3.10/site-packages/switch_publisher
[2.865s] copying /agent/build/switch_publisher/build/lib/switch_publisher/switch_publisher.py -> /agent/install/switch_publisher/lib/python3.10/site-packages/switch_publisher
[2.866s] copying /agent/build/switch_publisher/build/lib/switch_publisher/__init__.py -> /agent/install/switch_publisher/lib/python3.10/site-packages/switch_publisher
[2.867s] byte-compiling /agent/install/switch_publisher/lib/python3.10/site-packages/switch_publisher/switch_publisher.py to switch_publisher.cpython-310.pyc
[2.869s] byte-compiling /agent/install/switch_publisher/lib/python3.10/site-packages/switch_publisher/__init__.py to __init__.cpython-310.pyc
[2.870s] running install_data
[2.870s] creating /agent/install/switch_publisher/share/ament_index
[2.871s] creating /agent/install/switch_publisher/share/ament_index/resource_index
[2.871s] creating /agent/install/switch_publisher/share/ament_index/resource_index/packages
[2.872s] copying resource/switch_publisher -> /agent/install/switch_publisher/share/ament_index/resource_index/packages
[2.872s] copying package.xml -> /agent/install/switch_publisher/share/switch_publisher
[2.872s] running install_egg_info
[2.877s] Copying ../build/switch_publisher/switch_publisher.egg-info to /agent/install/switch_publisher/lib/python3.10/site-packages/switch_publisher-0.0.1-py3.10.egg-info
[2.880s] running install_scripts
[2.958s] Installing switch_publisher script to /agent/install/switch_publisher/lib/switch_publisher
[2.959s] writing list of installed files to '/agent/build/switch_publisher/install.log'
[3.036s] Invoked command in '/agent/src' returned '0': PYTHONPATH=/agent/build/switch_publisher/prefix_override:/usr/lib/python3/dist-packages/colcon_core/task/python/colcon_distutils_commands:/agent/install/switch_publisher/lib/python3.10/site-packages:${PYTHONPATH} /usr/bin/python3 -W ignore:setup.py install is deprecated -W ignore:easy_install command is deprecated setup.py egg_info --egg-base ../build/switch_publisher build --build-base /agent/build/switch_publisher/build install --record /agent/build/switch_publisher/install.log --single-version-externally-managed install_data
